Iter   Convg      cRPA(eV)        E_pbe(eV)       E_tot(eV)       change(eV, vs iter0)
