Working directory is /home/ghj/SIAB/ABACUS-orbitals/SIAB/atom_opt/re-opt/C/aux
This job has allocated 48 cpu cores.
Begin Time: 2023年 12月 04日 星期一 14:26:11 CST
End Time: 2023年 12月 04日 星期一 14:26:33 CST
