                                                                                     
                              ABACUS v3.3.2

               Atomic-orbital Based Ab-initio Computation at UStc                    

                     Website: http://abacus.ustc.edu.cn/                             
               Documentation: https://abacus.deepmodeling.com/                       
                  Repository: https://github.com/abacusmodeling/abacus-develop       
                              https://github.com/deepmodeling/abacus-develop         
                      Commit: e39b50e (Fri Aug 18 16:14:25 2023 +0800)

 Tue Oct 17 19:39:39 2023
 MAKE THE DIR         : OUT.ABACUS/
 UNIFORM GRID DIM     : 243 * 243 * 243
 UNIFORM GRID DIM(BIG): 81 * 81 * 81
 DONE(1.81231    SEC) : SETUP UNITCELL
 DONE(1.81351    SEC) : INIT K-POINTS
 ---------------------------------------------------------
 Self-consistent calculations for electrons
 ---------------------------------------------------------
 SPIN    KPOINTS         PROCESSORS  NBASE       
 1       1               1           22          
 ---------------------------------------------------------
 Use Systematically Improvable Atomic bases
 ---------------------------------------------------------
 ELEMENT ORBITALS        NBASE       NATOM       XC          
 Ne      3s3p2d-6au      22          1           
 ---------------------------------------------------------
 Initial plane wave basis and FFT box
 ---------------------------------------------------------
 -------------------------------------------
 SELF-CONSISTENT : 
 -------------------------------------------
 START CHARGE      : atomic
 DONE(4.57195    SEC) : INIT SCF
 ITER   ETOT(eV)       EDIFF(eV)      DRHO       TIME(s)    
 GE1    -8.348385e+02  0.000000e+00   1.330e-03  1.937e+00  
 GE2    -8.348384e+02  7.530343e-06   3.987e-04  1.790e+00  
 GE3    -8.348384e+02  -3.227858e-09  5.187e-06  1.784e+00  
 GE4    -8.348384e+02  -3.167147e-09  9.908e-07  1.774e+00  
 GE5    -8.348384e+02  -2.432325e-10  5.770e-08  1.754e+00  

===================================================================================
=   BAD TERMINATION OF ONE OF YOUR APPLICATION PROCESSES
=   RANK 0 PID 27510 RUNNING AT cpu04
=   KILLED BY SIGNAL: 15 (Terminated)
===================================================================================
