Working directory is /home/ghj/SIAB/ABACUS-orbitals/SIAB/atom_opt/re-opt/C/chg
This job has allocated 48 cpu cores.
Begin Time: 2023年 11月 29日 星期三 11:10:58 CST
End Time: 2023年 11月 29日 星期三 11:11:30 CST
